

================================================================
== Vitis HLS Report for 'fft_Pipeline_DFTpts'
================================================================
* Date:           Fri Oct 21 22:25:57 2022

* Version:        2022.1 (Build 3526262 on Mon Apr 18 15:48:16 MDT 2022)
* Project:        hls_FFT_hardware
* Solution:       solution1 (Vivado IP Flow Target)
* Product family: zynq
* Target device:  xc7z020-clg400-1


================================================================
== Performance Estimates
================================================================
+ Timing: 
    * Summary: 
    +--------+----------+----------+------------+
    |  Clock |  Target  | Estimated| Uncertainty|
    +--------+----------+----------+------------+
    |ap_clk  |  10.00 ns|  7.256 ns|     2.70 ns|
    +--------+----------+----------+------------+

+ Latency: 
    * Summary: 
    +---------+---------+----------+----------+-----+-----+---------+
    |  Latency (cycles) |  Latency (absolute) |  Interval | Pipeline|
    |   min   |   max   |    min   |    max   | min | max |   Type  |
    +---------+---------+----------+----------+-----+-----+---------+
    |      273|      273|  2.730 us|  2.730 us|  273|  273|       no|
    +---------+---------+----------+----------+-----+-----+---------+

    + Detail: 
        * Instance: 
        N/A

        * Loop: 
        +----------+---------+---------+----------+-----------+-----------+------+----------+
        |          |  Latency (cycles) | Iteration|  Initiation Interval  | Trip |          |
        | Loop Name|   min   |   max   |  Latency |  achieved |   target  | Count| Pipelined|
        +----------+---------+---------+----------+-----------+-----------+------+----------+
        |- DFTpts  |      271|      271|        17|          1|          1|   256|       yes|
        +----------+---------+---------+----------+-----------+-----------+------+----------+



================================================================
== Utilization Estimates
================================================================
* Summary: 
+-----------------+---------+-----+--------+-------+-----+
|       Name      | BRAM_18K| DSP |   FF   |  LUT  | URAM|
+-----------------+---------+-----+--------+-------+-----+
|DSP              |        -|    -|       -|      -|    -|
|Expression       |        -|    -|       0|     14|    -|
|FIFO             |        -|    -|       -|      -|    -|
|Instance         |        -|    -|       -|      -|    -|
|Memory           |        -|    -|       -|      -|    -|
|Multiplexer      |        -|    -|       -|     36|    -|
|Register         |        -|    -|    1140|    160|    -|
+-----------------+---------+-----+--------+-------+-----+
|Total            |        0|    0|    1140|    210|    0|
+-----------------+---------+-----+--------+-------+-----+
|Available        |      280|  220|  106400|  53200|    0|
+-----------------+---------+-----+--------+-------+-----+
|Utilization (%)  |        0|    0|       1|     ~0|    0|
+-----------------+---------+-----+--------+-------+-----+

+ Detail: 
    * Instance: 
    N/A

    * DSP: 
    N/A

    * Memory: 
    N/A

    * FIFO: 
    N/A

    * Expression: 
    +---------------------+----------+----+---+----+------------+------------+
    |    Variable Name    | Operation| DSP| FF| LUT| Bitwidth P0| Bitwidth P1|
    +---------------------+----------+----+---+----+------------+------------+
    |add_ln134_fu_382_p2  |         +|   0|  0|  12|          11|           3|
    |ap_enable_pp0        |       xor|   0|  0|   2|           1|           2|
    +---------------------+----------+----+---+----+------------+------------+
    |Total                |          |   0|  0|  14|          12|           5|
    +---------------------+----------+----+---+----+------------+------------+

    * Multiplexer: 
    +-------------------------+----+-----------+-----+-----------+
    |           Name          | LUT| Input Size| Bits| Total Bits|
    +-------------------------+----+-----------+-----+-----------+
    |ap_done_int              |   9|          2|    1|          2|
    |ap_enable_reg_pp0_iter1  |   9|          2|    1|          2|
    |ap_sig_allocacmp_i_5     |   9|          2|   11|         22|
    |i_fu_68                  |   9|          2|   11|         22|
    +-------------------------+----+-----------+-----+-----------+
    |Total                    |  36|          8|   24|         48|
    +-------------------------+----+-----------+-----+-----------+

    * Register: 
    +-----------------------------------+----+----+-----+-----------+
    |                Name               | FF | LUT| Bits| Const Bits|
    +-----------------------------------+----+----+-----+-----------+
    |Stage0_I_1_load_reg_446            |  32|   0|   32|          0|
    |Stage0_I_2_load_reg_546            |  32|   0|   32|          0|
    |Stage0_I_3_load_reg_458            |  32|   0|   32|          0|
    |Stage0_I_load_reg_522              |  32|   0|   32|          0|
    |Stage0_R_1_load_reg_440            |  32|   0|   32|          0|
    |Stage0_R_2_load_reg_540            |  32|   0|   32|          0|
    |Stage0_R_3_load_reg_452            |  32|   0|   32|          0|
    |Stage0_R_load_reg_516              |  32|   0|   32|          0|
    |add23_1_i_reg_582                  |  32|   0|   32|          0|
    |add23_i_reg_562                    |  32|   0|   32|          0|
    |add28_1_i_reg_587                  |  32|   0|   32|          0|
    |add28_i_reg_567                    |  32|   0|   32|          0|
    |ap_CS_fsm                          |   1|   0|    1|          0|
    |ap_done_reg                        |   1|   0|    1|          0|
    |ap_enable_reg_pp0_iter1            |   1|   0|    1|          0|
    |ap_enable_reg_pp0_iter10           |   1|   0|    1|          0|
    |ap_enable_reg_pp0_iter11           |   1|   0|    1|          0|
    |ap_enable_reg_pp0_iter12           |   1|   0|    1|          0|
    |ap_enable_reg_pp0_iter13           |   1|   0|    1|          0|
    |ap_enable_reg_pp0_iter14           |   1|   0|    1|          0|
    |ap_enable_reg_pp0_iter15           |   1|   0|    1|          0|
    |ap_enable_reg_pp0_iter16           |   1|   0|    1|          0|
    |ap_enable_reg_pp0_iter2            |   1|   0|    1|          0|
    |ap_enable_reg_pp0_iter3            |   1|   0|    1|          0|
    |ap_enable_reg_pp0_iter4            |   1|   0|    1|          0|
    |ap_enable_reg_pp0_iter5            |   1|   0|    1|          0|
    |ap_enable_reg_pp0_iter6            |   1|   0|    1|          0|
    |ap_enable_reg_pp0_iter7            |   1|   0|    1|          0|
    |ap_enable_reg_pp0_iter8            |   1|   0|    1|          0|
    |ap_enable_reg_pp0_iter9            |   1|   0|    1|          0|
    |ap_loop_exit_ready_pp0_iter10_reg  |   1|   0|    1|          0|
    |ap_loop_exit_ready_pp0_iter11_reg  |   1|   0|    1|          0|
    |ap_loop_exit_ready_pp0_iter12_reg  |   1|   0|    1|          0|
    |ap_loop_exit_ready_pp0_iter13_reg  |   1|   0|    1|          0|
    |ap_loop_exit_ready_pp0_iter14_reg  |   1|   0|    1|          0|
    |ap_loop_exit_ready_pp0_iter15_reg  |   1|   0|    1|          0|
    |ap_loop_exit_ready_pp0_iter1_reg   |   1|   0|    1|          0|
    |ap_loop_exit_ready_pp0_iter2_reg   |   1|   0|    1|          0|
    |ap_loop_exit_ready_pp0_iter3_reg   |   1|   0|    1|          0|
    |ap_loop_exit_ready_pp0_iter4_reg   |   1|   0|    1|          0|
    |ap_loop_exit_ready_pp0_iter5_reg   |   1|   0|    1|          0|
    |ap_loop_exit_ready_pp0_iter6_reg   |   1|   0|    1|          0|
    |ap_loop_exit_ready_pp0_iter7_reg   |   1|   0|    1|          0|
    |ap_loop_exit_ready_pp0_iter8_reg   |   1|   0|    1|          0|
    |ap_loop_exit_ready_pp0_iter9_reg   |   1|   0|    1|          0|
    |i_fu_68                            |  11|   0|   11|          0|
    |mul3_1_i_reg_474                   |  32|   0|   32|          0|
    |mul3_i_reg_464                     |  32|   0|   32|          0|
    |mul9_1_i_reg_479                   |  32|   0|   32|          0|
    |mul9_i_reg_469                     |  32|   0|   32|          0|
    |sub13_1_i_reg_572                  |  32|   0|   32|          0|
    |sub13_i_reg_552                    |  32|   0|   32|          0|
    |sub18_1_i_reg_577                  |  32|   0|   32|          0|
    |sub18_i_reg_557                    |  32|   0|   32|          0|
    |temp_I_1_reg_534                   |  32|   0|   32|          0|
    |temp_I_reg_510                     |  32|   0|   32|          0|
    |temp_R_1_reg_528                   |  32|   0|   32|          0|
    |temp_R_reg_504                     |  32|   0|   32|          0|
    |zext_ln137_reg_404                 |   8|   0|   64|         56|
    |Stage0_I_1_load_reg_446            |  64|  32|   32|          0|
    |Stage0_I_3_load_reg_458            |  64|  32|   32|          0|
    |Stage0_R_1_load_reg_440            |  64|  32|   32|          0|
    |Stage0_R_3_load_reg_452            |  64|  32|   32|          0|
    |zext_ln137_reg_404                 |  64|  32|   64|         56|
    +-----------------------------------+----+----+-----+-----------+
    |Total                              |1140| 160| 1068|        112|
    +-----------------------------------+----+----+-----+-----------+



================================================================
== Interface
================================================================
* Summary: 
+---------------------+-----+-----+------------+---------------------+--------------+
|      RTL Ports      | Dir | Bits|  Protocol  |    Source Object    |    C Type    |
+---------------------+-----+-----+------------+---------------------+--------------+
|ap_clk               |   in|    1|  ap_ctrl_hs|  fft_Pipeline_DFTpts|  return value|
|ap_rst               |   in|    1|  ap_ctrl_hs|  fft_Pipeline_DFTpts|  return value|
|ap_start             |   in|    1|  ap_ctrl_hs|  fft_Pipeline_DFTpts|  return value|
|ap_done              |  out|    1|  ap_ctrl_hs|  fft_Pipeline_DFTpts|  return value|
|ap_idle              |  out|    1|  ap_ctrl_hs|  fft_Pipeline_DFTpts|  return value|
|ap_ready             |  out|    1|  ap_ctrl_hs|  fft_Pipeline_DFTpts|  return value|
|grp_fu_519_p_din0    |  out|   32|  ap_ctrl_hs|  fft_Pipeline_DFTpts|  return value|
|grp_fu_519_p_din1    |  out|   32|  ap_ctrl_hs|  fft_Pipeline_DFTpts|  return value|
|grp_fu_519_p_opcode  |  out|    2|  ap_ctrl_hs|  fft_Pipeline_DFTpts|  return value|
|grp_fu_519_p_dout0   |   in|   32|  ap_ctrl_hs|  fft_Pipeline_DFTpts|  return value|
|grp_fu_519_p_ce      |  out|    1|  ap_ctrl_hs|  fft_Pipeline_DFTpts|  return value|
|grp_fu_523_p_din0    |  out|   32|  ap_ctrl_hs|  fft_Pipeline_DFTpts|  return value|
|grp_fu_523_p_din1    |  out|   32|  ap_ctrl_hs|  fft_Pipeline_DFTpts|  return value|
|grp_fu_523_p_opcode  |  out|    2|  ap_ctrl_hs|  fft_Pipeline_DFTpts|  return value|
|grp_fu_523_p_dout0   |   in|   32|  ap_ctrl_hs|  fft_Pipeline_DFTpts|  return value|
|grp_fu_523_p_ce      |  out|    1|  ap_ctrl_hs|  fft_Pipeline_DFTpts|  return value|
|grp_fu_527_p_din0    |  out|   32|  ap_ctrl_hs|  fft_Pipeline_DFTpts|  return value|
|grp_fu_527_p_din1    |  out|   32|  ap_ctrl_hs|  fft_Pipeline_DFTpts|  return value|
|grp_fu_527_p_opcode  |  out|    2|  ap_ctrl_hs|  fft_Pipeline_DFTpts|  return value|
|grp_fu_527_p_dout0   |   in|   32|  ap_ctrl_hs|  fft_Pipeline_DFTpts|  return value|
|grp_fu_527_p_ce      |  out|    1|  ap_ctrl_hs|  fft_Pipeline_DFTpts|  return value|
|grp_fu_531_p_din0    |  out|   32|  ap_ctrl_hs|  fft_Pipeline_DFTpts|  return value|
|grp_fu_531_p_din1    |  out|   32|  ap_ctrl_hs|  fft_Pipeline_DFTpts|  return value|
|grp_fu_531_p_opcode  |  out|    2|  ap_ctrl_hs|  fft_Pipeline_DFTpts|  return value|
|grp_fu_531_p_dout0   |   in|   32|  ap_ctrl_hs|  fft_Pipeline_DFTpts|  return value|
|grp_fu_531_p_ce      |  out|    1|  ap_ctrl_hs|  fft_Pipeline_DFTpts|  return value|
|grp_fu_535_p_din0    |  out|   32|  ap_ctrl_hs|  fft_Pipeline_DFTpts|  return value|
|grp_fu_535_p_din1    |  out|   32|  ap_ctrl_hs|  fft_Pipeline_DFTpts|  return value|
|grp_fu_535_p_opcode  |  out|    2|  ap_ctrl_hs|  fft_Pipeline_DFTpts|  return value|
|grp_fu_535_p_dout0   |   in|   32|  ap_ctrl_hs|  fft_Pipeline_DFTpts|  return value|
|grp_fu_535_p_ce      |  out|    1|  ap_ctrl_hs|  fft_Pipeline_DFTpts|  return value|
|grp_fu_539_p_din0    |  out|   32|  ap_ctrl_hs|  fft_Pipeline_DFTpts|  return value|
|grp_fu_539_p_din1    |  out|   32|  ap_ctrl_hs|  fft_Pipeline_DFTpts|  return value|
|grp_fu_539_p_opcode  |  out|    2|  ap_ctrl_hs|  fft_Pipeline_DFTpts|  return value|
|grp_fu_539_p_dout0   |   in|   32|  ap_ctrl_hs|  fft_Pipeline_DFTpts|  return value|
|grp_fu_539_p_ce      |  out|    1|  ap_ctrl_hs|  fft_Pipeline_DFTpts|  return value|
|grp_fu_543_p_din0    |  out|   32|  ap_ctrl_hs|  fft_Pipeline_DFTpts|  return value|
|grp_fu_543_p_din1    |  out|   32|  ap_ctrl_hs|  fft_Pipeline_DFTpts|  return value|
|grp_fu_543_p_opcode  |  out|    2|  ap_ctrl_hs|  fft_Pipeline_DFTpts|  return value|
|grp_fu_543_p_dout0   |   in|   32|  ap_ctrl_hs|  fft_Pipeline_DFTpts|  return value|
|grp_fu_543_p_ce      |  out|    1|  ap_ctrl_hs|  fft_Pipeline_DFTpts|  return value|
|grp_fu_547_p_din0    |  out|   32|  ap_ctrl_hs|  fft_Pipeline_DFTpts|  return value|
|grp_fu_547_p_din1    |  out|   32|  ap_ctrl_hs|  fft_Pipeline_DFTpts|  return value|
|grp_fu_547_p_opcode  |  out|    2|  ap_ctrl_hs|  fft_Pipeline_DFTpts|  return value|
|grp_fu_547_p_dout0   |   in|   32|  ap_ctrl_hs|  fft_Pipeline_DFTpts|  return value|
|grp_fu_547_p_ce      |  out|    1|  ap_ctrl_hs|  fft_Pipeline_DFTpts|  return value|
|grp_fu_551_p_din0    |  out|   32|  ap_ctrl_hs|  fft_Pipeline_DFTpts|  return value|
|grp_fu_551_p_din1    |  out|   32|  ap_ctrl_hs|  fft_Pipeline_DFTpts|  return value|
|grp_fu_551_p_opcode  |  out|    2|  ap_ctrl_hs|  fft_Pipeline_DFTpts|  return value|
|grp_fu_551_p_dout0   |   in|   32|  ap_ctrl_hs|  fft_Pipeline_DFTpts|  return value|
|grp_fu_551_p_ce      |  out|    1|  ap_ctrl_hs|  fft_Pipeline_DFTpts|  return value|
|grp_fu_555_p_din0    |  out|   32|  ap_ctrl_hs|  fft_Pipeline_DFTpts|  return value|
|grp_fu_555_p_din1    |  out|   32|  ap_ctrl_hs|  fft_Pipeline_DFTpts|  return value|
|grp_fu_555_p_opcode  |  out|    2|  ap_ctrl_hs|  fft_Pipeline_DFTpts|  return value|
|grp_fu_555_p_dout0   |   in|   32|  ap_ctrl_hs|  fft_Pipeline_DFTpts|  return value|
|grp_fu_555_p_ce      |  out|    1|  ap_ctrl_hs|  fft_Pipeline_DFTpts|  return value|
|grp_fu_559_p_din0    |  out|   32|  ap_ctrl_hs|  fft_Pipeline_DFTpts|  return value|
|grp_fu_559_p_din1    |  out|   32|  ap_ctrl_hs|  fft_Pipeline_DFTpts|  return value|
|grp_fu_559_p_opcode  |  out|    2|  ap_ctrl_hs|  fft_Pipeline_DFTpts|  return value|
|grp_fu_559_p_dout0   |   in|   32|  ap_ctrl_hs|  fft_Pipeline_DFTpts|  return value|
|grp_fu_559_p_ce      |  out|    1|  ap_ctrl_hs|  fft_Pipeline_DFTpts|  return value|
|grp_fu_563_p_din0    |  out|   32|  ap_ctrl_hs|  fft_Pipeline_DFTpts|  return value|
|grp_fu_563_p_din1    |  out|   32|  ap_ctrl_hs|  fft_Pipeline_DFTpts|  return value|
|grp_fu_563_p_opcode  |  out|    2|  ap_ctrl_hs|  fft_Pipeline_DFTpts|  return value|
|grp_fu_563_p_dout0   |   in|   32|  ap_ctrl_hs|  fft_Pipeline_DFTpts|  return value|
|grp_fu_563_p_ce      |  out|    1|  ap_ctrl_hs|  fft_Pipeline_DFTpts|  return value|
|grp_fu_567_p_din0    |  out|   32|  ap_ctrl_hs|  fft_Pipeline_DFTpts|  return value|
|grp_fu_567_p_din1    |  out|   32|  ap_ctrl_hs|  fft_Pipeline_DFTpts|  return value|
|grp_fu_567_p_dout0   |   in|   32|  ap_ctrl_hs|  fft_Pipeline_DFTpts|  return value|
|grp_fu_567_p_ce      |  out|    1|  ap_ctrl_hs|  fft_Pipeline_DFTpts|  return value|
|grp_fu_571_p_din0    |  out|   32|  ap_ctrl_hs|  fft_Pipeline_DFTpts|  return value|
|grp_fu_571_p_din1    |  out|   32|  ap_ctrl_hs|  fft_Pipeline_DFTpts|  return value|
|grp_fu_571_p_dout0   |   in|   32|  ap_ctrl_hs|  fft_Pipeline_DFTpts|  return value|
|grp_fu_571_p_ce      |  out|    1|  ap_ctrl_hs|  fft_Pipeline_DFTpts|  return value|
|grp_fu_575_p_din0    |  out|   32|  ap_ctrl_hs|  fft_Pipeline_DFTpts|  return value|
|grp_fu_575_p_din1    |  out|   32|  ap_ctrl_hs|  fft_Pipeline_DFTpts|  return value|
|grp_fu_575_p_dout0   |   in|   32|  ap_ctrl_hs|  fft_Pipeline_DFTpts|  return value|
|grp_fu_575_p_ce      |  out|    1|  ap_ctrl_hs|  fft_Pipeline_DFTpts|  return value|
|grp_fu_579_p_din0    |  out|   32|  ap_ctrl_hs|  fft_Pipeline_DFTpts|  return value|
|grp_fu_579_p_din1    |  out|   32|  ap_ctrl_hs|  fft_Pipeline_DFTpts|  return value|
|grp_fu_579_p_dout0   |   in|   32|  ap_ctrl_hs|  fft_Pipeline_DFTpts|  return value|
|grp_fu_579_p_ce      |  out|    1|  ap_ctrl_hs|  fft_Pipeline_DFTpts|  return value|
|Stage0_R_1_address0  |  out|    8|   ap_memory|           Stage0_R_1|         array|
|Stage0_R_1_ce0       |  out|    1|   ap_memory|           Stage0_R_1|         array|
|Stage0_R_1_q0        |   in|   32|   ap_memory|           Stage0_R_1|         array|
|Stage0_I_1_address0  |  out|    8|   ap_memory|           Stage0_I_1|         array|
|Stage0_I_1_ce0       |  out|    1|   ap_memory|           Stage0_I_1|         array|
|Stage0_I_1_q0        |   in|   32|   ap_memory|           Stage0_I_1|         array|
|Stage0_R_address0    |  out|    8|   ap_memory|             Stage0_R|         array|
|Stage0_R_ce0         |  out|    1|   ap_memory|             Stage0_R|         array|
|Stage0_R_q0          |   in|   32|   ap_memory|             Stage0_R|         array|
|Stage1_R_1_address0  |  out|    8|   ap_memory|           Stage1_R_1|         array|
|Stage1_R_1_ce0       |  out|    1|   ap_memory|           Stage1_R_1|         array|
|Stage1_R_1_we0       |  out|    1|   ap_memory|           Stage1_R_1|         array|
|Stage1_R_1_d0        |  out|   32|   ap_memory|           Stage1_R_1|         array|
|Stage0_I_address0    |  out|    8|   ap_memory|             Stage0_I|         array|
|Stage0_I_ce0         |  out|    1|   ap_memory|             Stage0_I|         array|
|Stage0_I_q0          |   in|   32|   ap_memory|             Stage0_I|         array|
|Stage1_I_1_address0  |  out|    8|   ap_memory|           Stage1_I_1|         array|
|Stage1_I_1_ce0       |  out|    1|   ap_memory|           Stage1_I_1|         array|
|Stage1_I_1_we0       |  out|    1|   ap_memory|           Stage1_I_1|         array|
|Stage1_I_1_d0        |  out|   32|   ap_memory|           Stage1_I_1|         array|
|Stage1_R_address0    |  out|    8|   ap_memory|             Stage1_R|         array|
|Stage1_R_ce0         |  out|    1|   ap_memory|             Stage1_R|         array|
|Stage1_R_we0         |  out|    1|   ap_memory|             Stage1_R|         array|
|Stage1_R_d0          |  out|   32|   ap_memory|             Stage1_R|         array|
|Stage1_I_address0    |  out|    8|   ap_memory|             Stage1_I|         array|
|Stage1_I_ce0         |  out|    1|   ap_memory|             Stage1_I|         array|
|Stage1_I_we0         |  out|    1|   ap_memory|             Stage1_I|         array|
|Stage1_I_d0          |  out|   32|   ap_memory|             Stage1_I|         array|
|Stage0_R_3_address0  |  out|    8|   ap_memory|           Stage0_R_3|         array|
|Stage0_R_3_ce0       |  out|    1|   ap_memory|           Stage0_R_3|         array|
|Stage0_R_3_q0        |   in|   32|   ap_memory|           Stage0_R_3|         array|
|Stage0_I_3_address0  |  out|    8|   ap_memory|           Stage0_I_3|         array|
|Stage0_I_3_ce0       |  out|    1|   ap_memory|           Stage0_I_3|         array|
|Stage0_I_3_q0        |   in|   32|   ap_memory|           Stage0_I_3|         array|
|Stage0_R_2_address0  |  out|    8|   ap_memory|           Stage0_R_2|         array|
|Stage0_R_2_ce0       |  out|    1|   ap_memory|           Stage0_R_2|         array|
|Stage0_R_2_q0        |   in|   32|   ap_memory|           Stage0_R_2|         array|
|Stage1_R_3_address0  |  out|    8|   ap_memory|           Stage1_R_3|         array|
|Stage1_R_3_ce0       |  out|    1|   ap_memory|           Stage1_R_3|         array|
|Stage1_R_3_we0       |  out|    1|   ap_memory|           Stage1_R_3|         array|
|Stage1_R_3_d0        |  out|   32|   ap_memory|           Stage1_R_3|         array|
|Stage0_I_2_address0  |  out|    8|   ap_memory|           Stage0_I_2|         array|
|Stage0_I_2_ce0       |  out|    1|   ap_memory|           Stage0_I_2|         array|
|Stage0_I_2_q0        |   in|   32|   ap_memory|           Stage0_I_2|         array|
|Stage1_I_3_address0  |  out|    8|   ap_memory|           Stage1_I_3|         array|
|Stage1_I_3_ce0       |  out|    1|   ap_memory|           Stage1_I_3|         array|
|Stage1_I_3_we0       |  out|    1|   ap_memory|           Stage1_I_3|         array|
|Stage1_I_3_d0        |  out|   32|   ap_memory|           Stage1_I_3|         array|
|Stage1_R_2_address0  |  out|    8|   ap_memory|           Stage1_R_2|         array|
|Stage1_R_2_ce0       |  out|    1|   ap_memory|           Stage1_R_2|         array|
|Stage1_R_2_we0       |  out|    1|   ap_memory|           Stage1_R_2|         array|
|Stage1_R_2_d0        |  out|   32|   ap_memory|           Stage1_R_2|         array|
|Stage1_I_2_address0  |  out|    8|   ap_memory|           Stage1_I_2|         array|
|Stage1_I_2_ce0       |  out|    1|   ap_memory|           Stage1_I_2|         array|
|Stage1_I_2_we0       |  out|    1|   ap_memory|           Stage1_I_2|         array|
|Stage1_I_2_d0        |  out|   32|   ap_memory|           Stage1_I_2|         array|
+---------------------+-----+-----+------------+---------------------+--------------+

