#-----------------------------------------------------------
# Vivado v2022.1 (64-bit)
# SW Build 3526262 on Mon Apr 18 15:48:16 MDT 2022
# IP Build 3524634 on Mon Apr 18 20:55:01 MDT 2022
# Start of session at: Thu Oct 20 22:25:39 2022
# Process ID: 24868
# Current directory: C:/Users/ShaneWu/OneDrive/Desktop/Documents/NTU/HLS/labB/hls_FFT_bitReverse/solution1/sim/verilog
# Command line: vivado.exe -source open_wave.tcl
# Log file: C:/Users/ShaneWu/OneDrive/Desktop/Documents/NTU/HLS/labB/hls_FFT_bitReverse/solution1/sim/verilog/vivado.log
# Journal file: C:/Users/ShaneWu/OneDrive/Desktop/Documents/NTU/HLS/labB/hls_FFT_bitReverse/solution1/sim/verilog\vivado.jou
# Running On: LAPTOP-R2GBPVNV, OS: Windows, CPU Frequency: 3194 MHz, CPU Physical cores: 16, Host memory: 16539 MB
#-----------------------------------------------------------
start_gui
source open_wave.tcl
open_wave_config C:/Users/ShaneWu/OneDrive/Desktop/Documents/NTU/HLS/labB/hls_FFT_bitReverse/solution1/sim/verilog/bit_reverse.wcfg
close_sim
